// Jest Snapshot v1, https://goo.gl/fbAQLP

exports[`does not render an info button because no id is supplied 1`] = `null`;

exports[`with an application state provided does not render an info button with an invalid id 1`] = `null`;

exports[`with an application state provided renders an info button  1`] = `
.c1 {
  background-color: transparent;
  color: #ffffff;
  border: none;
  border-radius: 4px;
  cursor: pointer;
  padding: .6rem 1.4rem;
}

.c1 + .c0 {
  margin-left: 8px;
}

.c2 {
  color: #696361;
  background-color: transparent;
}

@media screen and (max-width:768px) {

}

@media (min-width:768px) {

}

<button
  class="c0 c1"
  data-testid="valid-id"
>
  <svg
    aria-hidden="true"
    class="svg-inline--fa fa-info-circle fa-w-16 fa-lg c2"
    color="#696361"
    data-icon="info-circle"
    data-prefix="fal"
    focusable="false"
    role="img"
    viewBox="0 0 512 512"
    xmlns="http://www.w3.org/2000/svg"
  >
    <path
      d="M256 40c118.621 0 216 96.075 216 216 0 119.291-96.61 216-216 216-119.244 0-216-96.562-216-216 0-119.203 96.602-216 216-216m0-32C119.043 8 8 119.083 8 256c0 136.997 111.043 248 248 248s248-111.003 248-248C504 119.083 392.957 8 256 8zm-36 344h12V232h-12c-6.627 0-12-5.373-12-12v-8c0-6.627 5.373-12 12-12h48c6.627 0 12 5.373 12 12v140h12c6.627 0 12 5.373 12 12v8c0 6.627-5.373 12-12 12h-72c-6.627 0-12-5.373-12-12v-8c0-6.627 5.373-12 12-12zm36-240c-17.673 0-32 14.327-32 32s14.327 32 32 32 32-14.327 32-32-14.327-32-32-32z"
      fill="currentColor"
    />
  </svg>
  <span
    style="border: 0px; height: 1px; margin: -1px; overflow: hidden; padding: 0px; position: absolute; width: 1px; white-space: nowrap; word-wrap: normal;"
  >
    Information about 
    Info Button Title
  </span>
</button>
`;
