// Jest Snapshot v1, https://goo.gl/fbAQLP

exports[`LargeInput gets rendered with large font size CSS 1`] = `
.c0 {
  color: #423E3C;
}

.c1 {
  color: #423E3C;
  -webkit-text-decoration: none;
  text-decoration: none;
  border-radius: 8px;
  border: 1px solid #D4CFCD;
  padding: 16px 32px;
  font-size: 18px;
}

<div>
  <label
    class="c0"
    for="large"
  >
    Large
    <input
      class="c1"
      id="large"
      type="text"
    />
  </label>
</div>
`;

exports[`NormalInput gets rendered with default font size CSS 1`] = `
.c0 {
  color: #423E3C;
}

.c1 {
  color: #423E3C;
  -webkit-text-decoration: none;
  text-decoration: none;
  border-radius: 8px;
  border: 1px solid #D4CFCD;
  padding: 8px 16px;
  font-size: 16px;
}

<div>
  <label
    class="c0"
    for="normal"
  >
    Normal
    <input
      class="c1"
      id="normal"
      type="text"
    />
  </label>
</div>
`;

exports[`SmallInput gets rendered with small font size CSS 1`] = `
.c0 {
  color: #423E3C;
}

.c1 {
  color: #423E3C;
  -webkit-text-decoration: none;
  text-decoration: none;
  border-radius: 8px;
  border: 1px solid #D4CFCD;
  padding: 2px 4px;
  font-size: 14px;
  color: #006A8E;
}

<div>
  <label
    class="c0"
    for="small"
  >
    Small
    <input
      class="c1"
      id="small"
      type="text"
    />
  </label>
</div>
`;
