// Jest Snapshot v1, https://goo.gl/fbAQLP

exports[`renders 1`] = `
<div
  data-testid="profile-page"
>
  <div
    style="border: 0px; height: 1px; width: 1px; margin: -1px; padding: 0px; overflow: hidden; position: absolute;"
  >
    <h2>
      My Profile
    </h2>
  </div>
  <p>
    Profile 
    Api
     
  </p>
</div>
`;
